// Vitest Snapshot v1, https://vitest.dev/guide/snapshot.html

exports[`doesn't strip explicit newlines 1`] = `
"<p>Hello world!</p>
"
`;

exports[`doesn't strip explicit newlines with mindent 1`] = `
"<p>
	Hello world!
</p>
"
`;

exports[`function character escapes > with escapeSpecialCharacters false > backticks 1`] = `"\`"`;

exports[`function character escapes > with escapeSpecialCharacters false > dollar signs 1`] = `"$"`;

exports[`function character escapes > with escapeSpecialCharacters false > double-escaped backticks 1`] = `"\\\`"`;

exports[`function character escapes > with escapeSpecialCharacters false > double-escaped dollar signs 1`] = `"\\$"`;

exports[`function character escapes > with escapeSpecialCharacters false > double-escaped opening braces 1`] = `"\\{"`;

exports[`function character escapes > with escapeSpecialCharacters false > opening braces 1`] = `"{"`;

exports[`function character escapes > with escapeSpecialCharacters true > backticks 1`] = `"\`"`;

exports[`function character escapes > with escapeSpecialCharacters true > dollar signs 1`] = `"$"`;

exports[`function character escapes > with escapeSpecialCharacters true > double-escaped backticks 1`] = `"\`"`;

exports[`function character escapes > with escapeSpecialCharacters true > double-escaped dollar signs 1`] = `"$"`;

exports[`function character escapes > with escapeSpecialCharacters true > double-escaped opening braces 1`] = `"{"`;

exports[`function character escapes > with escapeSpecialCharacters true > opening braces 1`] = `"{"`;

exports[`function character escapes > with escapeSpecialCharacters undefined > backticks 1`] = `"\`"`;

exports[`function character escapes > with escapeSpecialCharacters undefined > dollar signs 1`] = `"$"`;

exports[`function character escapes > with escapeSpecialCharacters undefined > double-escaped backticks 1`] = `"\\\`"`;

exports[`function character escapes > with escapeSpecialCharacters undefined > double-escaped dollar signs 1`] = `"\\$"`;

exports[`function character escapes > with escapeSpecialCharacters undefined > double-escaped opening braces 1`] = `"\\{"`;

exports[`function character escapes > with escapeSpecialCharacters undefined > opening braces 1`] = `"{"`;

exports[`string tag character escapes > default behavior > escapes backticks 1`] = `"\`"`;

exports[`string tag character escapes > default behavior > escapes dollar signs 1`] = `"$"`;

exports[`string tag character escapes > default behavior > escapes opening braces 1`] = `"{"`;

exports[`string tag character escapes > default behavior > ignores closing braces 1`] = `"\\}"`;

exports[`string tag character escapes > with escapeSpecialCharacters false > backticks 1`] = `"\\\`"`;

exports[`string tag character escapes > with escapeSpecialCharacters false > dollar signs 1`] = `"\\$"`;

exports[`string tag character escapes > with escapeSpecialCharacters false > opening braces 1`] = `"\\{"`;

exports[`string tag character escapes > with escapeSpecialCharacters true > backticks 1`] = `"\`"`;

exports[`string tag character escapes > with escapeSpecialCharacters true > dollar signs 1`] = `"$"`;

exports[`string tag character escapes > with escapeSpecialCharacters true > opening braces 1`] = `"{"`;

exports[`string tag character escapes > with escapeSpecialCharacters undefined > backticks 1`] = `"\`"`;

exports[`string tag character escapes > with escapeSpecialCharacters undefined > dollar signs 1`] = `"$"`;

exports[`string tag character escapes > with escapeSpecialCharacters undefined > opening braces 1`] = `"{"`;

exports[`with trimWhitespace false > with leading whitespace 1`] = `
"


foo
"
`;

exports[`with trimWhitespace false > with trailing whitespace 1`] = `
"
foo   
bar   
"
`;

exports[`with trimWhitespace false > without trailing whitespace 1`] = `
"
foo
bar
"
`;

exports[`with trimWhitespace true > with leading whitespace 1`] = `"foo"`;

exports[`with trimWhitespace true > with trailing whitespace 1`] = `
"foo   
bar"
`;

exports[`with trimWhitespace true > without trailing whitespace 1`] = `
"foo
bar"
`;

exports[`with trimWhitespace undefined > with leading whitespace 1`] = `"foo"`;

exports[`with trimWhitespace undefined > with trailing whitespace 1`] = `
"foo   
bar"
`;

exports[`with trimWhitespace undefined > without trailing whitespace 1`] = `
"foo
bar"
`;

exports[`works with escaped tabs for indentation 1`] = `
"first
	second
		third"
`;

exports[`works with spaces for indentation 1`] = `
"first
  second
    third"
`;

exports[`works with tabs for indentation 1`] = `
"first
	second
		third"
`;
